[{"id": "2", "name": "Jane, Smith", "age": 30, "city": "San Francisco"}]
