[{"id":2,"name":"Jane \"the great\"","age":25},{"id":3,"name":"Alice","age":40}]